D:/EduFile/STM32/Ytest/Src/mc_tasks.c:110:9:GetCurrSensoredSpeed	0	static
D:/EduFile/STM32/Ytest/Src/mc_tasks.c:675:13:FOC_Clear	16	static
D:/EduFile/STM32/Ytest/Src/mc_tasks.c:122:13:MCboot	56	static
D:/EduFile/STM32/Ytest/Src/mc_tasks.c:711:13:FOC_InitAdditionalMethods	0	static
D:/EduFile/STM32/Ytest/Src/mc_tasks.c:735:13:FOC_CalcCurrRef	8	static
D:/EduFile/STM32/Ytest/Src/mc_tasks.c:762:13:TSK_SetChargeBootCapDelayM1	0	static
D:/EduFile/STM32/Ytest/Src/mc_tasks.c:773:13:TSK_ChargeBootCapDelayHasElapsedM1	0	static
D:/EduFile/STM32/Ytest/Src/mc_tasks.c:789:13:TSK_SetStopPermanencyTimeM1	0	static
D:/EduFile/STM32/Ytest/Src/mc_tasks.c:266:6:TSK_MF_StopProcessing	8	static
D:/EduFile/STM32/Ytest/Src/mc_tasks.c:800:13:TSK_StopPermanencyTimeHasElapsedM1	0	static
D:/EduFile/STM32/Ytest/Src/mc_tasks.c:354:13:TSK_MediumFrequencyTaskM1	24	static
D:/EduFile/STM32/Ytest/Src/mc_tasks.c:282:13:MC_Scheduler	16	static
D:/EduFile/STM32/Ytest/Src/mc_tasks.c:826:16:TSK_HighFrequencyTask	64	static
D:/EduFile/STM32/Ytest/Src/mc_tasks.c:974:13:TSK_SafetyTask_PWMOFF	24	static
D:/EduFile/STM32/Ytest/Src/mc_tasks.c:952:13:TSK_SafetyTask	8	static
D:/EduFile/STM32/Ytest/Src/mc_tasks.c:244:13:MC_RunMotorControlTasks	8	static
D:/EduFile/STM32/Ytest/Src/mc_tasks.c:1022:23:GetMCI	0	static
D:/EduFile/STM32/Ytest/Src/mc_tasks.c:1038:13:TSK_HardwareFaultTask	8	static
D:/EduFile/STM32/Ytest/Src/mc_tasks.c:1050:13:UI_HandleStartStopButton_cb	8	static
D:/EduFile/STM32/Ytest/Src/mc_tasks.c:1078:13:mc_lock_pins	56	static
