D:/EduFile/STM32/Ytest/MCSDK_v5.Y.4-Full/MotorControl/MCSDK/MCLib/Any/Src/speed_torq_ctrl.c:60:13:STC_Init	4	static
D:/EduFile/STM32/Ytest/MCSDK_v5.Y.4-Full/MotorControl/MCSDK/MCLib/Any/Src/speed_torq_ctrl.c:89:13:STC_SetSpeedSensor	0	static
D:/EduFile/STM32/Ytest/MCSDK_v5.Y.4-Full/MotorControl/MCSDK/MCLib/Any/Src/speed_torq_ctrl.c:110:32:STC_GetSpeedSensor	0	static
D:/EduFile/STM32/Ytest/MCSDK_v5.Y.4-Full/MotorControl/MCSDK/MCLib/Any/Src/speed_torq_ctrl.c:125:13:STC_Clear	0	static
D:/EduFile/STM32/Ytest/MCSDK_v5.Y.4-Full/MotorControl/MCSDK/MCLib/Any/Src/speed_torq_ctrl.c:151:16:STC_GetMecSpeedRefUnit	0	static
D:/EduFile/STM32/Ytest/MCSDK_v5.Y.4-Full/MotorControl/MCSDK/MCLib/Any/Src/speed_torq_ctrl.c:179:16:STC_GetTorqueRef	0	static
D:/EduFile/STM32/Ytest/MCSDK_v5.Y.4-Full/MotorControl/MCSDK/MCLib/Any/Src/speed_torq_ctrl.c:214:13:STC_SetControlMode	0	static
D:/EduFile/STM32/Ytest/MCSDK_v5.Y.4-Full/MotorControl/MCSDK/MCLib/Any/Src/speed_torq_ctrl.c:237:23:STC_GetControlMode	0	static
D:/EduFile/STM32/Ytest/MCSDK_v5.Y.4-Full/MotorControl/MCSDK/MCLib/Any/Src/speed_torq_ctrl.c:271:13:STC_ExecRamp	16	static
D:/EduFile/STM32/Ytest/MCSDK_v5.Y.4-Full/MotorControl/MCSDK/MCLib/Any/Src/speed_torq_ctrl.c:383:13:STC_StopRamp	0	static
D:/EduFile/STM32/Ytest/MCSDK_v5.Y.4-Full/MotorControl/MCSDK/MCLib/Any/Src/speed_torq_ctrl.c:412:16:STC_CalcTorqueReference	16	static
D:/EduFile/STM32/Ytest/MCSDK_v5.Y.4-Full/MotorControl/MCSDK/MCLib/Any/Src/speed_torq_ctrl.c:501:16:STC_GetMecSpeedRefUnitDefault	0	static
D:/EduFile/STM32/Ytest/MCSDK_v5.Y.4-Full/MotorControl/MCSDK/MCLib/Any/Src/speed_torq_ctrl.c:514:17:STC_GetMaxAppPositiveMecSpeedUnit	0	static
D:/EduFile/STM32/Ytest/MCSDK_v5.Y.4-Full/MotorControl/MCSDK/MCLib/Any/Src/speed_torq_ctrl.c:527:16:STC_GetMinAppNegativeMecSpeedUnit	0	static
D:/EduFile/STM32/Ytest/MCSDK_v5.Y.4-Full/MotorControl/MCSDK/MCLib/Any/Src/speed_torq_ctrl.c:541:13:STC_RampCompleted	0	static
D:/EduFile/STM32/Ytest/MCSDK_v5.Y.4-Full/MotorControl/MCSDK/MCLib/Any/Src/speed_torq_ctrl.c:567:13:STC_StopSpeedRamp	0	static
D:/EduFile/STM32/Ytest/MCSDK_v5.Y.4-Full/MotorControl/MCSDK/MCLib/Any/Src/speed_torq_ctrl.c:594:13:STC_GetDefaultIqdref	8	static
D:/EduFile/STM32/Ytest/MCSDK_v5.Y.4-Full/MotorControl/MCSDK/MCLib/Any/Src/speed_torq_ctrl.c:621:13:STC_SetNominalCurrent	0	static
D:/EduFile/STM32/Ytest/MCSDK_v5.Y.4-Full/MotorControl/MCSDK/MCLib/Any/Src/speed_torq_ctrl.c:644:13:STC_ForceSpeedReferenceToCurrentSpeed	8	static
